<?xml version="1.0" encoding="UTF-8"?>
<TestRun id="6144c88f-7813-479d-adb8-459888142d39" name="Andrei_Bonda@EPBYMINW3667 2012-12-04 14:24:41" runUser="MINSK\Andrei_Bonda" xmlns="http://microsoft.com/schemas/VisualStudio/TeamTest/2010">
  <TestSettings name="Local" id="d74361e1-9338-42ef-8c6d-f2893d2c5d7b">
    <Description>These are default test settings for a local test run.</Description>
    <Deployment enabled="false" runDeploymentRoot="Andrei_Bonda_EPBYMINW3667 2012-12-04 14_24_41">
      <DeploymentItem filename="C:\Users\Andrei_Bonda\Task1\packages\NHibernate\NHibernate.ByteCode.Castle.dll" />
      <DeploymentItem filename="C:\Users\Andrei_Bonda\Task1\Task.Web\bin\NHibernate.dll" />
      <DeploymentItem filename="C:\Users\Andrei_Bonda\Task1\Task.Web\bin\FluentNHibernate.dll" />
      <DeploymentItem filename="C:\Users\Andrei_Bonda\Task1\packages\Rhino.Mocks-3.6-Build-21\Rhino.Mocks.dll" />
      <DeploymentItem filename="C:\Users\Andrei_Bonda\Task1\Task.Web\bin\Ninject.dll" />
      <DeploymentItem filename="C:\Users\Andrei_Bonda\Task1\Task.Repositories\bin\Debug\Task.Repositories.dll" />
      <DeploymentItem filename="C:\Users\Andrei_Bonda\Task1\Task.Infrastructure\bin\Debug\Task.Infrastructure.dll" />
      <DeploymentItem filename="C:\Users\Andrei_Bonda\Task1\packages\SQLite\System.Data.SQLite.dll" />
      <DeploymentItem filename="C:\Users\Andrei_Bonda\Task1\Task.DALModels\bin\Debug\Task.DALModels.dll" />
    </Deployment>
    <Execution>
      <TestTypeSpecific />
      <AgentRule name="Execution Agents">
      </AgentRule>
    </Execution>
  </TestSettings>
  <Times creation="2012-12-04T14:24:41.7344262+03:00" queuing="2012-12-04T14:24:41.8474375+03:00" start="2012-12-04T14:24:41.8934421+03:00" finish="2012-12-04T14:24:48.8111338+03:00" />
  <ResultSummary outcome="Failed">
    <Counters total="5" executed="5" passed="4" error="0" failed="1" timeout="0" aborted="0" inconclusive="0" passedButRunAborted="0" notRunnable="0" notExecuted="0" disconnected="0" warning="0" completed="0" inProgress="0" pending="0" />
  </ResultSummary>
  <TestDefinitions>
    <UnitTest name="GetLatestNews_returnsValidNumberOfLatestNews_ReturnsTrue" storage="c:\users\andrei_bonda\task1\task.dataaccess.unittests\bin\debug\task.dataaccess.unittests.dll" id="9c2fb8b1-d21c-bc5d-949f-1e2429469ad3">
      <Execution id="46af703d-864c-460d-b762-34f8310dadf1" />
      <TestMethod codeBase="C:/Users/Andrei_Bonda/Task1/Task.DataAccess.UnitTests/bin/Debug/Task.DataAccess.UnitTests.DLL" adapterTypeName="Microsoft.VisualStudio.TestTools.TestTypes.Unit.UnitTestAdapter, Microsoft.VisualStudio.QualityTools.Tips.UnitTest.Adapter, Version=10.0.0.0, Culture=neutral, PublicKeyToken=b03f5f7f11d50a3a" className="Task.DataAccess.UnitTests.Repositories.NewsRepositoryTests, Task.DataAccess.UnitTests, Version=1.0.0.0, Culture=neutral, PublicKeyToken=null" name="GetLatestNews_returnsValidNumberOfLatestNews_ReturnsTrue" />
    </UnitTest>
    <UnitTest name="GetLatestNews_shortDescriptionCannotBeNull_ThrowsException" storage="c:\users\andrei_bonda\task1\task.dataaccess.unittests\bin\debug\task.dataaccess.unittests.dll" id="d618837d-e381-76b8-0dc5-6bb4c88a1393">
      <Execution id="77108e16-2c15-44e3-8997-27ccd7510e05" />
      <TestMethod codeBase="C:/Users/Andrei_Bonda/Task1/Task.DataAccess.UnitTests/bin/Debug/Task.DataAccess.UnitTests.DLL" adapterTypeName="Microsoft.VisualStudio.TestTools.TestTypes.Unit.UnitTestAdapter, Microsoft.VisualStudio.QualityTools.Tips.UnitTest.Adapter, Version=10.0.0.0, Culture=neutral, PublicKeyToken=b03f5f7f11d50a3a" className="Task.DataAccess.UnitTests.Repositories.NewsRepositoryTests, Task.DataAccess.UnitTests, Version=1.0.0.0, Culture=neutral, PublicKeyToken=null" name="GetLatestNews_shortDescriptionCannotBeNull_ThrowsException" />
    </UnitTest>
    <UnitTest name="GetBeautifulGirls_returnsBeautifulGirlsInRightOrder_ReturnsTrue" storage="c:\users\andrei_bonda\task1\task.dataaccess.unittests\bin\debug\task.dataaccess.unittests.dll" id="2ce3faf0-e9fe-2613-4016-286460689456">
      <Execution id="c11bf0e4-e571-488c-b8e1-75c4e5119cf9" />
      <TestMethod codeBase="C:/Users/Andrei_Bonda/Task1/Task.DataAccess.UnitTests/bin/Debug/Task.DataAccess.UnitTests.DLL" adapterTypeName="Microsoft.VisualStudio.TestTools.TestTypes.Unit.UnitTestAdapter, Microsoft.VisualStudio.QualityTools.Tips.UnitTest.Adapter, Version=10.0.0.0, Culture=neutral, PublicKeyToken=b03f5f7f11d50a3a" className="Task.DataAccess.UnitTests.Repositories.GirlRepositoryTests, Task.DataAccess.UnitTests, Version=1.0.0.0, Culture=neutral, PublicKeyToken=null" name="GetBeautifulGirls_returnsBeautifulGirlsInRightOrder_ReturnsTrue" />
    </UnitTest>
    <UnitTest name="GetBeautifulGirls_returnsValidNumberOfBeautifulGirls_ReturnsTrue" storage="c:\users\andrei_bonda\task1\task.dataaccess.unittests\bin\debug\task.dataaccess.unittests.dll" id="36d6b748-f9a1-0ca6-ddb5-50045d1b1fe9">
      <Execution id="60fb26b2-9b0e-4daf-b9d7-9df9a7a0a1bd" />
      <TestMethod codeBase="C:/Users/Andrei_Bonda/Task1/Task.DataAccess.UnitTests/bin/Debug/Task.DataAccess.UnitTests.DLL" adapterTypeName="Microsoft.VisualStudio.TestTools.TestTypes.Unit.UnitTestAdapter, Microsoft.VisualStudio.QualityTools.Tips.UnitTest.Adapter, Version=10.0.0.0, Culture=neutral, PublicKeyToken=b03f5f7f11d50a3a" className="Task.DataAccess.UnitTests.Repositories.GirlRepositoryTests, Task.DataAccess.UnitTests, Version=1.0.0.0, Culture=neutral, PublicKeyToken=null" name="GetBeautifulGirls_returnsValidNumberOfBeautifulGirls_ReturnsTrue" />
    </UnitTest>
    <UnitTest name="GetAll_returnsGirlsInRightOrder_ReturnsTrue" storage="c:\users\andrei_bonda\task1\task.dataaccess.unittests\bin\debug\task.dataaccess.unittests.dll" id="afd5a35d-215b-9c87-e045-e7c898d233c1">
      <Execution id="53681198-420c-41d7-81b5-fe088c5ccbf9" />
      <TestMethod codeBase="C:/Users/Andrei_Bonda/Task1/Task.DataAccess.UnitTests/bin/Debug/Task.DataAccess.UnitTests.DLL" adapterTypeName="Microsoft.VisualStudio.TestTools.TestTypes.Unit.UnitTestAdapter, Microsoft.VisualStudio.QualityTools.Tips.UnitTest.Adapter, Version=10.0.0.0, Culture=neutral, PublicKeyToken=b03f5f7f11d50a3a" className="Task.DataAccess.UnitTests.Repositories.GirlRepositoryTests, Task.DataAccess.UnitTests, Version=1.0.0.0, Culture=neutral, PublicKeyToken=null" name="GetAll_returnsGirlsInRightOrder_ReturnsTrue" />
    </UnitTest>
  </TestDefinitions>
  <TestLists>
    <TestList name="Results Not in a List" id="8c84fa94-04c1-424b-9868-57a2d4851a1d" />
    <TestList name="All Loaded Results" id="19431567-8539-422a-85d7-44ee4e166bda" />
  </TestLists>
  <TestEntries>
    <TestEntry testId="2ce3faf0-e9fe-2613-4016-286460689456" executionId="c11bf0e4-e571-488c-b8e1-75c4e5119cf9" testListId="8c84fa94-04c1-424b-9868-57a2d4851a1d" />
    <TestEntry testId="36d6b748-f9a1-0ca6-ddb5-50045d1b1fe9" executionId="60fb26b2-9b0e-4daf-b9d7-9df9a7a0a1bd" testListId="8c84fa94-04c1-424b-9868-57a2d4851a1d" />
    <TestEntry testId="9c2fb8b1-d21c-bc5d-949f-1e2429469ad3" executionId="46af703d-864c-460d-b762-34f8310dadf1" testListId="8c84fa94-04c1-424b-9868-57a2d4851a1d" />
    <TestEntry testId="afd5a35d-215b-9c87-e045-e7c898d233c1" executionId="53681198-420c-41d7-81b5-fe088c5ccbf9" testListId="8c84fa94-04c1-424b-9868-57a2d4851a1d" />
    <TestEntry testId="d618837d-e381-76b8-0dc5-6bb4c88a1393" executionId="77108e16-2c15-44e3-8997-27ccd7510e05" testListId="8c84fa94-04c1-424b-9868-57a2d4851a1d" />
  </TestEntries>
  <Results>
    <UnitTestResult executionId="c11bf0e4-e571-488c-b8e1-75c4e5119cf9" testId="2ce3faf0-e9fe-2613-4016-286460689456" testName="GetBeautifulGirls_returnsBeautifulGirlsInRightOrder_ReturnsTrue" computerName="EPBYMINW3667" duration="00:00:04.5883876" startTime="2012-12-04T14:24:41.9134441+03:00" endTime="2012-12-04T14:24:47.1179645+03:00" testType="13cdc9d9-ddb5-4fa4-a97d-d965ccfc6d4b" outcome="Passed" testListId="8c84fa94-04c1-424b-9868-57a2d4851a1d" relativeResultsDirectory="c11bf0e4-e571-488c-b8e1-75c4e5119cf9">
    </UnitTestResult>
    <UnitTestResult executionId="60fb26b2-9b0e-4daf-b9d7-9df9a7a0a1bd" testId="36d6b748-f9a1-0ca6-ddb5-50045d1b1fe9" testName="GetBeautifulGirls_returnsValidNumberOfBeautifulGirls_ReturnsTrue" computerName="EPBYMINW3667" duration="00:00:00.3900635" startTime="2012-12-04T14:24:47.1249652+03:00" endTime="2012-12-04T14:24:47.5180045+03:00" testType="13cdc9d9-ddb5-4fa4-a97d-d965ccfc6d4b" outcome="Passed" testListId="8c84fa94-04c1-424b-9868-57a2d4851a1d" relativeResultsDirectory="60fb26b2-9b0e-4daf-b9d7-9df9a7a0a1bd">
    </UnitTestResult>
    <UnitTestResult executionId="46af703d-864c-460d-b762-34f8310dadf1" testId="9c2fb8b1-d21c-bc5d-949f-1e2429469ad3" testName="GetLatestNews_returnsValidNumberOfLatestNews_ReturnsTrue" computerName="EPBYMINW3667" duration="00:00:00.4750741" startTime="2012-12-04T14:24:47.5270054+03:00" endTime="2012-12-04T14:24:48.0080535+03:00" testType="13cdc9d9-ddb5-4fa4-a97d-d965ccfc6d4b" outcome="Passed" testListId="8c84fa94-04c1-424b-9868-57a2d4851a1d" relativeResultsDirectory="46af703d-864c-460d-b762-34f8310dadf1">
    </UnitTestResult>
    <UnitTestResult executionId="53681198-420c-41d7-81b5-fe088c5ccbf9" testId="afd5a35d-215b-9c87-e045-e7c898d233c1" testName="GetAll_returnsGirlsInRightOrder_ReturnsTrue" computerName="EPBYMINW3667" duration="00:00:00.3934648" startTime="2012-12-04T14:24:48.0140541+03:00" endTime="2012-12-04T14:24:48.4120939+03:00" testType="13cdc9d9-ddb5-4fa4-a97d-d965ccfc6d4b" outcome="Passed" testListId="8c84fa94-04c1-424b-9868-57a2d4851a1d" relativeResultsDirectory="53681198-420c-41d7-81b5-fe088c5ccbf9">
    </UnitTestResult>
    <UnitTestResult executionId="77108e16-2c15-44e3-8997-27ccd7510e05" testId="d618837d-e381-76b8-0dc5-6bb4c88a1393" testName="GetLatestNews_shortDescriptionCannotBeNull_ThrowsException" computerName="EPBYMINW3667" duration="00:00:00.3418601" startTime="2012-12-04T14:24:48.4170944+03:00" endTime="2012-12-04T14:24:48.7651292+03:00" testType="13cdc9d9-ddb5-4fa4-a97d-d965ccfc6d4b" outcome="Failed" testListId="8c84fa94-04c1-424b-9868-57a2d4851a1d" relativeResultsDirectory="77108e16-2c15-44e3-8997-27ccd7510e05">
      <Output>
        <ErrorInfo>
          <Message>TestCleanup method Task.DataAccess.UnitTests.Repositories.NewsRepositoryTests.Cleanup threw exception. NHibernate.AssertionFailure: NHibernate.AssertionFailure: null id in Task.DALModels.News entry (don't flush the Session after an exception occurs).</Message>
          <StackTrace>    at NHibernate.Event.Default.DefaultFlushEntityEventListener.CheckId(Object obj, IEntityPersister persister, Object id, EntityMode entityMode)
   at NHibernate.Event.Default.DefaultFlushEntityEventListener.GetValues(Object entity, EntityEntry entry, EntityMode entityMode, Boolean mightBeDirty, ISessionImplementor session)
   at NHibernate.Event.Default.DefaultFlushEntityEventListener.OnFlushEntity(FlushEntityEvent event)
   at NHibernate.Event.Default.AbstractFlushingEventListener.FlushEntities(FlushEvent event)
   at NHibernate.Event.Default.AbstractFlushingEventListener.FlushEverythingToExecutions(FlushEvent event)
   at NHibernate.Event.Default.DefaultFlushEventListener.OnFlush(FlushEvent event)
   at NHibernate.Impl.SessionImpl.Flush()
   at Task.Repositories.BaseImplementation.NHibernateRepository`1.DeleteAll() in C:\Users\Andrei_Bonda\Task1\Task.Repositories\BaseImplementation\NHibernateRepository.cs:line 117
   at Task.DataAccess.UnitTests.Repositories.NewsRepositoryTests.AfterEachTest() in C:\Users\Andrei_Bonda\Task1\Task.DataAccess.UnitTests\Repositories\NewsRepositoryTests.cs:line 71
   at Task.DataAccess.UnitTests.Repositories.BaseImplementation.FixtureBase.Cleanup() in C:\Users\Andrei_Bonda\Task1\Task.DataAccess.UnitTests\Repositories\BaseImplementation\FixtureBase.cs:line 34
</StackTrace>
        </ErrorInfo>
      </Output>
    </UnitTestResult>
  </Results>
</TestRun>