<?xml version="1.0" encoding="UTF-8"?>
<TestRun id="9df09ea4-d772-4a82-9b98-bfdf6d99bcc7" name="Andrei_Bonda@EPBYMINW3667 2012-10-16 23:23:24" runUser="MINSK\Andrei_Bonda" xmlns="http://microsoft.com/schemas/VisualStudio/TeamTest/2010">
  <TestSettings name="Default Test Settings" id="9cf091cb-114d-480b-b59c-d6d0a9b445ba">
    <Deployment runDeploymentRoot="Andrei_Bonda_EPBYMINW3667 2012-10-16 23_23_24">
      <DeploymentItem filename="C:\Users\Andrei_Bonda\Dropbox\Task\Task.Repositories\bin\Debug\Task.Repositories.dll" />
      <DeploymentItem filename="C:\Users\Andrei_Bonda\Dropbox\Task\packages\NHibernate\FluentNHibernate.dll" />
      <DeploymentItem filename="C:\Users\Andrei_Bonda\Dropbox\Task\packages\NHibernate\NHibernate.ByteCode.Castle.dll" />
      <DeploymentItem filename="C:\Users\Andrei_Bonda\Dropbox\Task\Task.DALModels\bin\Debug\Task.DALModels.dll" />
      <DeploymentItem filename="C:\Users\Andrei_Bonda\Dropbox\Task\Task.Web\bin\Task.Web.dll" />
      <DeploymentItem filename="C:\Users\Andrei_Bonda\Dropbox\Task\Task.Services\bin\Debug\Task.Services.dll" />
      <DeploymentItem filename="C:\Users\Andrei_Bonda\Dropbox\Task\Task.Tests\bin\Debug\Ninject.dll" />
      <DeploymentItem filename="C:\Users\Andrei_Bonda\Dropbox\Task\Task.BLLModels\bin\Debug\Task.BLLModels.dll" />
      <DeploymentItem filename="C:\Users\Andrei_Bonda\Dropbox\Task\packages\NHibernate\NHibernate.dll" />
      <DeploymentItem filename="C:\Users\Andrei_Bonda\Dropbox\Task\packages\Moq\Moq.dll" />
      <DeploymentItem filename="C:\Users\Andrei_Bonda\Dropbox\Task\packages\SQLite\System.Data.SQLite.dll" />
      <DeploymentItem filename="C:\Users\Andrei_Bonda\Dropbox\Task\Task.Infrastructure\bin\Debug\Task.Infrastructure.dll" />
    </Deployment>
    <Execution>
      <TestTypeSpecific />
      <AgentRule name="Execution Agents">
      </AgentRule>
    </Execution>
  </TestSettings>
  <Times creation="2012-10-16T23:23:24.2194246-07:00" queuing="2012-10-16T23:23:34.0194246-07:00" start="2012-10-16T23:23:34.4614246-07:00" finish="2012-10-16T23:23:38.8084246-07:00" />
  <ResultSummary outcome="Failed">
    <Counters total="5" executed="5" passed="4" error="0" failed="1" timeout="0" aborted="0" inconclusive="0" passedButRunAborted="0" notRunnable="0" notExecuted="0" disconnected="0" warning="0" completed="0" inProgress="0" pending="0" />
  </ResultSummary>
  <TestDefinitions>
    <UnitTest name="Index" storage="c:\users\andrei_bonda\dropbox\task\task.tests\bin\debug\task.tests.dll" id="8f401668-0816-8423-4613-6e9f1cc17538">
      <Execution id="193ef37b-803e-48e2-94af-17e0ee2fb163" />
      <TestMethod codeBase="C:/Users/Andrei_Bonda/Dropbox/Task/Task.Tests/bin/Debug/Task.Tests.DLL" adapterTypeName="Microsoft.VisualStudio.TestTools.TestTypes.Unit.UnitTestAdapter, Microsoft.VisualStudio.QualityTools.Tips.UnitTest.Adapter, Version=10.0.0.0, Culture=neutral, PublicKeyToken=b03f5f7f11d50a3a" className="Task.Tests.Controllers.HomeControllerTest, Task.Tests, Version=1.0.0.0, Culture=neutral, PublicKeyToken=null" name="Index" />
    </UnitTest>
    <UnitTest name="GirlRepositoryGetBeautifulGirls1" storage="c:\users\andrei_bonda\dropbox\task\task.tests\bin\debug\task.tests.dll" id="80be532d-b20b-6284-93df-44262a940f14">
      <Execution id="38944e72-7b3b-405a-a738-3842636d3836" />
      <TestMethod codeBase="C:/Users/Andrei_Bonda/Dropbox/Task/Task.Tests/bin/Debug/Task.Tests.DLL" adapterTypeName="Microsoft.VisualStudio.TestTools.TestTypes.Unit.UnitTestAdapter, Microsoft.VisualStudio.QualityTools.Tips.UnitTest.Adapter, Version=10.0.0.0, Culture=neutral, PublicKeyToken=b03f5f7f11d50a3a" className="Task.Tests.Repositories.GirlRepositoryTest, Task.Tests, Version=1.0.0.0, Culture=neutral, PublicKeyToken=null" name="GirlRepositoryGetBeautifulGirls1" />
    </UnitTest>
    <UnitTest name="About" storage="c:\users\andrei_bonda\dropbox\task\task.tests\bin\debug\task.tests.dll" id="884e5ac9-5693-723b-31c0-7d2f4ee846d4">
      <Execution id="232dc132-2758-4893-a8cb-37cdfc4846af" />
      <TestMethod codeBase="C:/Users/Andrei_Bonda/Dropbox/Task/Task.Tests/bin/Debug/Task.Tests.DLL" adapterTypeName="Microsoft.VisualStudio.TestTools.TestTypes.Unit.UnitTestAdapter, Microsoft.VisualStudio.QualityTools.Tips.UnitTest.Adapter, Version=10.0.0.0, Culture=neutral, PublicKeyToken=b03f5f7f11d50a3a" className="Task.Tests.Controllers.HomeControllerTest, Task.Tests, Version=1.0.0.0, Culture=neutral, PublicKeyToken=null" name="About" />
    </UnitTest>
    <UnitTest name="GirlServiceGetBeautifulGirls1" storage="c:\users\andrei_bonda\dropbox\task\task.tests\bin\debug\task.tests.dll" id="b5c3e262-a811-1500-a3f1-31495bf95113">
      <Execution id="85c0b686-e8fa-4adc-a346-85d93b8b0fbf" />
      <TestMethod codeBase="C:/Users/Andrei_Bonda/Dropbox/Task/Task.Tests/bin/Debug/Task.Tests.DLL" adapterTypeName="Microsoft.VisualStudio.TestTools.TestTypes.Unit.UnitTestAdapter, Microsoft.VisualStudio.QualityTools.Tips.UnitTest.Adapter, Version=10.0.0.0, Culture=neutral, PublicKeyToken=b03f5f7f11d50a3a" className="Task.Tests.Services.GirlServiceTest, Task.Tests, Version=1.0.0.0, Culture=neutral, PublicKeyToken=null" name="GirlServiceGetBeautifulGirls1" />
    </UnitTest>
    <UnitTest name="GirlRepositoryGetBeautifulGirls2" storage="c:\users\andrei_bonda\dropbox\task\task.tests\bin\debug\task.tests.dll" id="acf37ba6-8efe-31ef-6f23-1a3cb3b9f99b">
      <Execution id="6d8f8ff3-8baa-4290-b811-8306749534df" />
      <TestMethod codeBase="C:/Users/Andrei_Bonda/Dropbox/Task/Task.Tests/bin/Debug/Task.Tests.DLL" adapterTypeName="Microsoft.VisualStudio.TestTools.TestTypes.Unit.UnitTestAdapter, Microsoft.VisualStudio.QualityTools.Tips.UnitTest.Adapter, Version=10.0.0.0, Culture=neutral, PublicKeyToken=b03f5f7f11d50a3a" className="Task.Tests.Repositories.GirlRepositoryTest, Task.Tests, Version=1.0.0.0, Culture=neutral, PublicKeyToken=null" name="GirlRepositoryGetBeautifulGirls2" />
    </UnitTest>
  </TestDefinitions>
  <TestLists>
    <TestList name="Results Not in a List" id="8c84fa94-04c1-424b-9868-57a2d4851a1d" />
    <TestList name="All Loaded Results" id="19431567-8539-422a-85d7-44ee4e166bda" />
  </TestLists>
  <TestEntries>
    <TestEntry testId="80be532d-b20b-6284-93df-44262a940f14" executionId="38944e72-7b3b-405a-a738-3842636d3836" testListId="8c84fa94-04c1-424b-9868-57a2d4851a1d" />
    <TestEntry testId="884e5ac9-5693-723b-31c0-7d2f4ee846d4" executionId="232dc132-2758-4893-a8cb-37cdfc4846af" testListId="8c84fa94-04c1-424b-9868-57a2d4851a1d" />
    <TestEntry testId="8f401668-0816-8423-4613-6e9f1cc17538" executionId="193ef37b-803e-48e2-94af-17e0ee2fb163" testListId="8c84fa94-04c1-424b-9868-57a2d4851a1d" />
    <TestEntry testId="acf37ba6-8efe-31ef-6f23-1a3cb3b9f99b" executionId="6d8f8ff3-8baa-4290-b811-8306749534df" testListId="8c84fa94-04c1-424b-9868-57a2d4851a1d" />
    <TestEntry testId="b5c3e262-a811-1500-a3f1-31495bf95113" executionId="85c0b686-e8fa-4adc-a346-85d93b8b0fbf" testListId="8c84fa94-04c1-424b-9868-57a2d4851a1d" />
  </TestEntries>
  <Results>
    <UnitTestResult executionId="38944e72-7b3b-405a-a738-3842636d3836" testId="80be532d-b20b-6284-93df-44262a940f14" testName="GirlRepositoryGetBeautifulGirls1" computerName="EPBYMINW3667" duration="00:00:02.8876501" startTime="2012-10-16T23:23:34.6844246-07:00" endTime="2012-10-16T23:23:38.3194246-07:00" testType="13cdc9d9-ddb5-4fa4-a97d-d965ccfc6d4b" outcome="Passed" testListId="8c84fa94-04c1-424b-9868-57a2d4851a1d" relativeResultsDirectory="38944e72-7b3b-405a-a738-3842636d3836">
    </UnitTestResult>
    <UnitTestResult executionId="232dc132-2758-4893-a8cb-37cdfc4846af" testId="884e5ac9-5693-723b-31c0-7d2f4ee846d4" testName="About" computerName="EPBYMINW3667" duration="00:00:00.0391728" startTime="2012-10-16T23:23:38.3394246-07:00" endTime="2012-10-16T23:23:38.3814246-07:00" testType="13cdc9d9-ddb5-4fa4-a97d-d965ccfc6d4b" outcome="Passed" testListId="8c84fa94-04c1-424b-9868-57a2d4851a1d" relativeResultsDirectory="232dc132-2758-4893-a8cb-37cdfc4846af">
    </UnitTestResult>
    <UnitTestResult executionId="193ef37b-803e-48e2-94af-17e0ee2fb163" testId="8f401668-0816-8423-4613-6e9f1cc17538" testName="Index" computerName="EPBYMINW3667" duration="00:00:00.1128485" startTime="2012-10-16T23:23:38.3914246-07:00" endTime="2012-10-16T23:23:38.5164246-07:00" testType="13cdc9d9-ddb5-4fa4-a97d-d965ccfc6d4b" outcome="Failed" testListId="8c84fa94-04c1-424b-9868-57a2d4851a1d" relativeResultsDirectory="193ef37b-803e-48e2-94af-17e0ee2fb163">
      <Output>
        <ErrorInfo>
          <Message>Assert.AreEqual failed. Expected:&lt;Welcome to ASP.NET MVC!&gt;. Actual:&lt;(null)&gt;. </Message>
          <StackTrace>   at CallSite.Target(Closure , CallSite , Type , String , Object )
   at System.Dynamic.UpdateDelegates.UpdateAndExecuteVoid3[T0,T1,T2](CallSite site, T0 arg0, T1 arg1, T2 arg2)
   at Task.Tests.Controllers.HomeControllerTest.Index() in C:\Users\Andrei_Bonda\Dropbox\Task\Task.Tests\Controllers\HomeControllerTest.cs:line 25
</StackTrace>
        </ErrorInfo>
      </Output>
    </UnitTestResult>
    <UnitTestResult executionId="6d8f8ff3-8baa-4290-b811-8306749534df" testId="acf37ba6-8efe-31ef-6f23-1a3cb3b9f99b" testName="GirlRepositoryGetBeautifulGirls2" computerName="EPBYMINW3667" duration="00:00:00.0272807" startTime="2012-10-16T23:23:38.5204246-07:00" endTime="2012-10-16T23:23:38.5644246-07:00" testType="13cdc9d9-ddb5-4fa4-a97d-d965ccfc6d4b" outcome="Passed" testListId="8c84fa94-04c1-424b-9868-57a2d4851a1d" relativeResultsDirectory="6d8f8ff3-8baa-4290-b811-8306749534df">
    </UnitTestResult>
    <UnitTestResult executionId="85c0b686-e8fa-4adc-a346-85d93b8b0fbf" testId="b5c3e262-a811-1500-a3f1-31495bf95113" testName="GirlServiceGetBeautifulGirls1" computerName="EPBYMINW3667" duration="00:00:00.1326694" startTime="2012-10-16T23:23:38.5814246-07:00" endTime="2012-10-16T23:23:38.7264246-07:00" testType="13cdc9d9-ddb5-4fa4-a97d-d965ccfc6d4b" outcome="Passed" testListId="8c84fa94-04c1-424b-9868-57a2d4851a1d" relativeResultsDirectory="85c0b686-e8fa-4adc-a346-85d93b8b0fbf">
    </UnitTestResult>
  </Results>
</TestRun>